// Jest Snapshot v1, https://goo.gl/fbAQLP

exports[`H1 Component H1 Passes shallow snapshot 1`] = `
.c0 {
  text-align: center;
  color: #ffffff;
  font-size: 2.5rem;
  font-weight: 700;
  margin-bottom: 0.5em;
}

<h1
  className="c0"
>
  Hello World
</h1>
`;
