// Jest Snapshot v1, https://goo.gl/fbAQLP

exports[`Container Component Container Passes the snapshot 1`] = `
<div
  className="sc-bdVaJa buTOKV"
/>
`;
