// Jest Snapshot v1, https://goo.gl/fbAQLP

exports[`A Component A Passes the snapshot 1`] = `
<a
  className="sc-bdVaJa dLKTXj"
/>
`;
