// Jest Snapshot v1, https://goo.gl/fbAQLP

exports[`Snapshot test passes Passes the snapshot 1`] = `
<p>
  I'm a menu
</p>
`;
