// Jest Snapshot v1, https://goo.gl/fbAQLP

exports[`Column Component Column Passes the snapshot 1`] = `
.c0 {
  position: relative;
  padding-left: 0.625rem;
  padding-right: 0.625rem;
  float: left;
  width: 100%;
}

.c0::after {
  clear: both;
  content: "";
  display: table;
}

<div
  className="c0"
/>
`;
